// Jest Snapshot v1, https://goo.gl/fbAQLP

exports[`CustomH3 Should match snapshot 1`] = `<h3>Test text</h3>`;

exports[`CustomH3 Should show text when text is injected in slot: Test text 1`] = `"Test text"`;
