// Jest Snapshot v1, https://goo.gl/fbAQLP

exports[`CustomH1 Should match snapshot 1`] = `<h1>Test text</h1>`;

exports[`CustomH1 Should show text when text is injected in slot: Test text 1`] = `"Test text"`;
