// Jest Snapshot v1, https://goo.gl/fbAQLP

exports[`CustomButton Should match snapshot 1`] = `
<div class="button">
  <div class="circle"></div> <a>test text</a>
</div>
`;
